warning: /Users/James/Library/org.swift.swiftpm/configuration is not accessible or not writable, disabling user-level cache features.
warning: /Users/James/Library/org.swift.swiftpm/security is not accessible or not writable, disabling user-level cache features.
warning: /Users/James/Library/Caches/org.swift.swiftpm is not accessible or not writable, disabling user-level cache features.
warning: 'citysimnative': failed storing manifest for 'citysimnative' in cache: attempt to write a readonly database
[0/1] Planning build
Test Suite 'Selected tests' started at 2026-07-30 05:42:31.881.
Test Suite 'CitySimNativePackageTests.xctest' started at 2026-07-30 05:42:31.882.
Test Suite 'WorldRenderingTests' started at 2026-07-30 05:42:31.882.
Test Case '-[CitySimNativeTests.WorldRenderingTests testR4AFreshProcessColdPathWritesGovernedReceipt]' started.
Test Case '-[CitySimNativeTests.WorldRenderingTests testR4AFreshProcessColdPathWritesGovernedReceipt]' passed (0.293 seconds).
Test Suite 'WorldRenderingTests' passed at 2026-07-30 05:42:32.175.
	 Executed 1 test, with 0 failures (0 unexpected) in 0.293 (0.293) seconds
Test Suite 'CitySimNativePackageTests.xctest' passed at 2026-07-30 05:42:32.175.
	 Executed 1 test, with 0 failures (0 unexpected) in 0.293 (0.293) seconds
Test Suite 'Selected tests' passed at 2026-07-30 05:42:32.175.
	 Executed 1 test, with 0 failures (0 unexpected) in 0.293 (0.294) seconds
PLAY073_R4A_GOVERNED_COLD_RECEIPT mode=scene-first-grid sample=1 pid=70752 cache_before=0 cache_after_cold=1 cache_after_warm=1 path=docs/production/evidence/PLAY-073/r4-a-candidate-d7cdf8f/performance/five-fresh-processes/sample-1.json
◇ Test run started.
↳ Testing Library Version: 1902
↳ Target Platform: arm64e-apple-macos14.0
✔ Test run with 0 tests in 0 suites passed after 0.001 seconds.
