^D[0/1] Planning build
Test Suite 'Selected tests' started at 2026-07-22 17:28:17.345.
Test Suite 'CitySimNativePackageTests.xctest' started at 2026-07-22 17:28:17.345.
Test Suite 'WorldRenderingTests' started at 2026-07-22 17:28:17.345.
Test Case '-[CitySimNativeTests.WorldRenderingTests testAnimatedLifecycleNodesReuseAcrossUnchangedPulsesWithoutAccumulation]' started.
Test Case '-[CitySimNativeTests.WorldRenderingTests testAnimatedLifecycleNodesReuseAcrossUnchangedPulsesWithoutAccumulation]' passed (0.148 seconds).
Test Case '-[CitySimNativeTests.WorldRenderingTests testApprovedOverlaysUseSparseNonColorSeverityMarksWithoutTileWashOrLabels]' started.
Test Case '-[CitySimNativeTests.WorldRenderingTests testApprovedOverlaysUseSparseNonColorSeverityMarksWithoutTileWashOrLabels]' passed (0.001 seconds).
Test Case '-[CitySimNativeTests.WorldRenderingTests testAuthoredRoadAtlasCoversEveryMaskAndFrontagesFaceConnectedRoads]' started.
Test Case '-[CitySimNativeTests.WorldRenderingTests testAuthoredRoadAtlasCoversEveryMaskAndFrontagesFaceConnectedRoads]' passed (0.022 seconds).
Test Case '-[CitySimNativeTests.WorldRenderingTests testCityLODUsesOnePersistentNonColorAggregatePerDevelopedPlace]' started.
Test Case '-[CitySimNativeTests.WorldRenderingTests testCityLODUsesOnePersistentNonColorAggregatePerDevelopedPlace]' passed (0.001 seconds).
Test Case '-[CitySimNativeTests.WorldRenderingTests testCitySceneInvalidatesOnlyVisibleLifecycleBandChanges]' started.
Test Case '-[CitySimNativeTests.WorldRenderingTests testCitySceneInvalidatesOnlyVisibleLifecycleBandChanges]' passed (0.024 seconds).
Test Case '-[CitySimNativeTests.WorldRenderingTests testCompactSceneKeepsAmbientMeaningWithoutMotionResidency]' started.
Test Case '-[CitySimNativeTests.WorldRenderingTests testCompactSceneKeepsAmbientMeaningWithoutMotionResidency]' passed (0.350 seconds).
Test Case '-[CitySimNativeTests.WorldRenderingTests testCompletedVisibleSetUsesGeneratedV4AcrossKindsAndLevelsWithoutLegacyFallback]' started.
Test Case '-[CitySimNativeTests.WorldRenderingTests testCompletedVisibleSetUsesGeneratedV4AcrossKindsAndLevelsWithoutLegacyFallback]' passed (0.026 seconds).
Test Case '-[CitySimNativeTests.WorldRenderingTests testCorridorAmbientLifeHasOneSemanticSetAndIsReduceMotionSafe]' started.
Test Case '-[CitySimNativeTests.WorldRenderingTests testCorridorAmbientLifeHasOneSemanticSetAndIsReduceMotionSafe]' passed (0.006 seconds).
Test Case '-[CitySimNativeTests.WorldRenderingTests testDevelopedMassCameraIgnoresRemoteOpportunityAndNumericOccupancy]' started.
Test Case '-[CitySimNativeTests.WorldRenderingTests testDevelopedMassCameraIgnoresRemoteOpportunityAndNumericOccupancy]' passed (0.068 seconds).
Test Case '-[CitySimNativeTests.WorldRenderingTests testExactCompactActiveCoordinateRemainsInsideSafeWorldViewport]' started.
Test Case '-[CitySimNativeTests.WorldRenderingTests testExactCompactActiveCoordinateRemainsInsideSafeWorldViewport]' passed (0.020 seconds).
Test Case '-[CitySimNativeTests.WorldRenderingTests testGeneratedWorldCatalogMeasuresDecodeLoadWithoutChargingCacheHits]' started.
Test Case '-[CitySimNativeTests.WorldRenderingTests testGeneratedWorldCatalogMeasuresDecodeLoadWithoutChargingCacheHits]' passed (0.002 seconds).
Test Case '-[CitySimNativeTests.WorldRenderingTests testGeneratedWorldDescriptorsRegisterPhysicalGeometryWithoutInventingGameplayCells]' started.
Test Case '-[CitySimNativeTests.WorldRenderingTests testGeneratedWorldDescriptorsRegisterPhysicalGeometryWithoutInventingGameplayCells]' passed (0.042 seconds).
Test Case '-[CitySimNativeTests.WorldRenderingTests testGeneratedWorldResidencyIsBoundedAcrossRepeatedRealLODTransitions]' started.
Test Case '-[CitySimNativeTests.WorldRenderingTests testGeneratedWorldResidencyIsBoundedAcrossRepeatedRealLODTransitions]' passed (0.290 seconds).
Test Case '-[CitySimNativeTests.WorldRenderingTests testGoldenNeighborhoodShippingRendererExportsThreeLODsAndCompact]' started.
Test Case '-[CitySimNativeTests.WorldRenderingTests testGoldenNeighborhoodShippingRendererExportsThreeLODsAndCompact]' passed (1.126 seconds).
Test Case '-[CitySimNativeTests.WorldRenderingTests testGoldenNeighborhoodTerrainAtlasLoadsEveryAuthoredMaterial]' started.
Test Case '-[CitySimNativeTests.WorldRenderingTests testGoldenNeighborhoodTerrainAtlasLoadsEveryAuthoredMaterial]' passed (0.045 seconds).
Test Case '-[CitySimNativeTests.WorldRenderingTests testInteractionPriorityUsesGroundedBoundariesWithoutBillboardClutter]' started.
Test Case '-[CitySimNativeTests.WorldRenderingTests testInteractionPriorityUsesGroundedBoundariesWithoutBillboardClutter]' passed (0.015 seconds).
Test Case '-[CitySimNativeTests.WorldRenderingTests testLifecycleProofFramesDistinguishConstructionDeclineAndRecovery]' started.
Test Case '-[CitySimNativeTests.WorldRenderingTests testLifecycleProofFramesDistinguishConstructionDeclineAndRecovery]' passed (1.405 seconds).
Test Case '-[CitySimNativeTests.WorldRenderingTests testLifecycleSilhouettesMotionAndReducedMotionFallbacksStayDistinct]' started.
Test Case '-[CitySimNativeTests.WorldRenderingTests testLifecycleSilhouettesMotionAndReducedMotionFallbacksStayDistinct]' passed (0.003 seconds).
Test Case '-[CitySimNativeTests.WorldRenderingTests testLotConsequencePresentationMapsOnlyAuthoritativeTileFields]' started.
Test Case '-[CitySimNativeTests.WorldRenderingTests testLotConsequencePresentationMapsOnlyAuthoritativeTileFields]' passed (0.000 seconds).
Test Case '-[CitySimNativeTests.WorldRenderingTests testLotRendererPublishesDistinctConstructionConditionAndRecoveryStates]' started.
Test Case '-[CitySimNativeTests.WorldRenderingTests testLotRendererPublishesDistinctConstructionConditionAndRecoveryStates]' passed (0.004 seconds).
Test Case '-[CitySimNativeTests.WorldRenderingTests testMacroTerrainReplacesTheRepeatedCellPlateAndKeepsEmptyLotsInteractive]' started.
Test Case '-[CitySimNativeTests.WorldRenderingTests testMacroTerrainReplacesTheRepeatedCellPlateAndKeepsEmptyLotsInteractive]' passed (0.035 seconds).
Test Case '-[CitySimNativeTests.WorldRenderingTests testProductionCorridorExportsAllTopologySeamMosaicAcrossSemanticLODs]' started.
Test Case '-[CitySimNativeTests.WorldRenderingTests testProductionCorridorExportsAllTopologySeamMosaicAcrossSemanticLODs]' passed (0.145 seconds).
Test Case '-[CitySimNativeTests.WorldRenderingTests testReducedMotionEventsExpireBoundedlyAndSuppressSaveLoadUndoReplayDuplicates]' started.
Test Case '-[CitySimNativeTests.WorldRenderingTests testReducedMotionEventsExpireBoundedlyAndSuppressSaveLoadUndoReplayDuplicates]' passed (0.105 seconds).
Test Case '-[CitySimNativeTests.WorldRenderingTests testRejectedGoldenDistrictReferenceRetainsExplicitLODAssets]' started.
Test Case '-[CitySimNativeTests.WorldRenderingTests testRejectedGoldenDistrictReferenceRetainsExplicitLODAssets]' passed (0.039 seconds).
Test Case '-[CitySimNativeTests.WorldRenderingTests testRemoteRoadOpportunityRecedesWithoutChangingTopologyOrHitGeometry]' started.
Test Case '-[CitySimNativeTests.WorldRenderingTests testRemoteRoadOpportunityRecedesWithoutChangingTopologyOrHitGeometry]' passed (0.001 seconds).
Test Case '-[CitySimNativeTests.WorldRenderingTests testRendererDiagnosticsSeparateWorldUpdateTotalRenderAndAssetDecode]' started.
Test Case '-[CitySimNativeTests.WorldRenderingTests testRendererDiagnosticsSeparateWorldUpdateTotalRenderAndAssetDecode]' passed (0.005 seconds).
Test Case '-[CitySimNativeTests.WorldRenderingTests testRoundOneShippingStartExportsDevelopedBoundsDefaultAndCompact]' started.
Test Case '-[CitySimNativeTests.WorldRenderingTests testRoundOneShippingStartExportsDevelopedBoundsDefaultAndCompact]' passed (0.415 seconds).
Test Case '-[CitySimNativeTests.WorldRenderingTests testShippingSceneNeverPresentsRejectedGoldenDistrictPlate]' started.
Test Case '-[CitySimNativeTests.WorldRenderingTests testShippingSceneNeverPresentsRejectedGoldenDistrictPlate]' passed (0.046 seconds).
Test Case '-[CitySimNativeTests.WorldRenderingTests testSpatialConsequenceProofExportsSameCityWorseningRecoveryAndCompact]' started.
Test Case '-[CitySimNativeTests.WorldRenderingTests testSpatialConsequenceProofExportsSameCityWorseningRecoveryAndCompact]' passed (1.110 seconds).
Test Case '-[CitySimNativeTests.WorldRenderingTests testSpatialConsequencesPublishNonColorUtilityPollutionAndVitalityCues]' started.
Test Case '-[CitySimNativeTests.WorldRenderingTests testSpatialConsequencesPublishNonColorUtilityPollutionAndVitalityCues]' passed (0.000 seconds).
Test Case '-[CitySimNativeTests.WorldRenderingTests testSpatialTransitionEventsHaveStaticReduceMotionMeaningAndBoundedAnimation]' started.
Test Case '-[CitySimNativeTests.WorldRenderingTests testSpatialTransitionEventsHaveStaticReduceMotionMeaningAndBoundedAnimation]' passed (0.000 seconds).
Test Case '-[CitySimNativeTests.WorldRenderingTests testStartingCameraFramesTheDevelopedCoreAtDefaultAndCompactLODs]' started.
Test Case '-[CitySimNativeTests.WorldRenderingTests testStartingCameraFramesTheDevelopedCoreAtDefaultAndCompactLODs]' passed (2.672 seconds).
Test Case '-[CitySimNativeTests.WorldRenderingTests testStrategyDistrictIdentityIsStableClampedAndTruthLimited]' started.
Test Case '-[CitySimNativeTests.WorldRenderingTests testStrategyDistrictIdentityIsStableClampedAndTruthLimited]' passed (0.000 seconds).
Test Case '-[CitySimNativeTests.WorldRenderingTests testThirtyMinuteEquivalentUnchangedPulseSoakPreservesWorldIdentity]' started.
Test Case '-[CitySimNativeTests.WorldRenderingTests testThirtyMinuteEquivalentUnchangedPulseSoakPreservesWorldIdentity]' passed (0.022 seconds).
Test Case '-[CitySimNativeTests.WorldRenderingTests testUtilityAndPollutionOverlaysUseApprovedSpatialSampleInsteadOfStateInference]' started.
Test Case '-[CitySimNativeTests.WorldRenderingTests testUtilityAndPollutionOverlaysUseApprovedSpatialSampleInsteadOfStateInference]' passed (0.000 seconds).
Test Suite 'WorldRenderingTests' passed at 2026-07-22 17:28:25.542.
	 Executed 35 tests, with 0 failures (0 unexpected) in 8.194 (8.196) seconds
Test Suite 'CitySimNativePackageTests.xctest' passed at 2026-07-22 17:28:25.542.
	 Executed 35 tests, with 0 failures (0 unexpected) in 8.194 (8.196) seconds
Test Suite 'Selected tests' passed at 2026-07-22 17:28:25.542.
	 Executed 35 tests, with 0 failures (0 unexpected) in 8.194 (8.197) seconds
CITYSIM_PLAY020_MOTION_DIAGNOSTICS active_actions=2 unchanged_pulses=12 unchanged_updates=0 reduced_motion_actions=0
PLAY022_M3_RESIDENCY active=block resident_textures=28 resident_bytes=13521048 high_water_bytes=13521048 hits=56 misses=364 evictions=336 fallbacks=0
CITYSIM_PLAY021_GOLDEN_DIAGNOSTICS nodes=864 drawables=435 actions=0 world_update_ms=3.976 asset_decode_loads=8 asset_decode_ms=21.862 total_render_ms=26.376
CITYSIM_PLAY020_DIAGNOSTICS lifecycle_nodes=799 lifecycle_drawables=411 lifecycle_actions=0 lifecycle_update_ms=0.000 recovery_nodes=778 recovery_drawables=395 recovery_actions=0 recovery_update_ms=0.000 compact_nodes=799 city_nodes=799 block_nodes=799 detail=neighborhood
PLAY022_ROUND1C_COLD_PROFILE backdrop_ms=0.078 preparation_ms=0.014 tile_build_ms=3.825 tree_metrics_ms=0.183 world_update_ms=3.917 asset_decode_loads=0 asset_decode_ms=0.000 total_render_ms=4.431
PLAY022_M2_FRAME size=1280x800 scale=0.37454596161842346 detail=block occupied=0.6241323034324637,0.850376873653442 network=1.4823142206521012,1.7035551491076388 nodes=1370 drawables=648
PLAY022_M2_FRAME size=900x600 scale=0.6187161803245544 detail=neighborhood occupied=0.5399999857172374,1.2209037752297547 network=1.2824999660784389,2.44582958132658 nodes=1370 drawables=648
CITYSIM_PLAY022_SPATIAL_PROOF focus=10,11 strained_utility=severe strained_pollution=strained strained_vitality=strained recovered_utility=strained recovered_pollution=strained recovered_vitality=prosperous event_ids=spatial-v1:1:408bde0e762db5b6f98c37c40bff35b384db7428019515e029357d2799ccc41b:10:11:utility:0:1,spatial-v1:1:408bde0e762db5b6f98c37c40bff35b384db7428019515e029357d2799ccc41b:10:11:vitality:0:2
CITYSIM_PLAY021_SOAK_DIAGNOSTICS equivalent_minutes=30 pulses=4286 nodes=1370 drawables=648 actions=1 total_ms=10.284 average_ms=0.0024
◇ Test run started.
↳ Testing Library Version: 1902
↳ Target Platform: arm64e-apple-macos14.0
✔ Test run with 0 tests in 0 suites passed after 0.001 seconds.
