Building for debugging...
[0/4] Write swift-version--58304C5D6DBC2206.txt
Build complete! (0.09s)
Test Suite 'Selected tests' started at 2026-07-25 10:42:11.282.
Test Suite 'CitySimNativePackageTests.xctest' started at 2026-07-25 10:42:11.283.
Test Suite 'WorldRenderingTests' started at 2026-07-25 10:42:11.283.
Test Case '-[CitySimNativeTests.WorldRenderingTests testAnimatedLifecycleNodesReuseAcrossUnchangedPulsesWithoutAccumulation]' started.
Test Case '-[CitySimNativeTests.WorldRenderingTests testAnimatedLifecycleNodesReuseAcrossUnchangedPulsesWithoutAccumulation]' passed (0.303 seconds).
Test Case '-[CitySimNativeTests.WorldRenderingTests testAuthoredParkCompositionRendersAboveItsGroundingFoundation]' started.
Test Case '-[CitySimNativeTests.WorldRenderingTests testAuthoredParkCompositionRendersAboveItsGroundingFoundation]' passed (0.080 seconds).
Test Case '-[CitySimNativeTests.WorldRenderingTests testAuthoredRoadAtlasCoversEveryMaskAndFrontagesFaceConnectedRoads]' started.
Test Case '-[CitySimNativeTests.WorldRenderingTests testAuthoredRoadAtlasCoversEveryMaskAndFrontagesFaceConnectedRoads]' passed (0.149 seconds).
Test Case '-[CitySimNativeTests.WorldRenderingTests testCityLODUsesOnePersistentNonColorAggregatePerDevelopedPlace]' started.
Test Case '-[CitySimNativeTests.WorldRenderingTests testCityLODUsesOnePersistentNonColorAggregatePerDevelopedPlace]' passed (0.001 seconds).
Test Case '-[CitySimNativeTests.WorldRenderingTests testCitySceneInvalidatesOnlyVisibleLifecycleBandChanges]' started.
Test Case '-[CitySimNativeTests.WorldRenderingTests testCitySceneInvalidatesOnlyVisibleLifecycleBandChanges]' passed (0.061 seconds).
Test Case '-[CitySimNativeTests.WorldRenderingTests testCommercialFrontagePriorityIsStableAndRoadlessLotsFailExplicitly]' started.
Test Case '-[CitySimNativeTests.WorldRenderingTests testCommercialFrontagePriorityIsStableAndRoadlessLotsFailExplicitly]' passed (0.000 seconds).
Test Case '-[CitySimNativeTests.WorldRenderingTests testCompactSceneKeepsAmbientMeaningWithoutMotionResidency]' started.
Test Case '-[CitySimNativeTests.WorldRenderingTests testCompactSceneKeepsAmbientMeaningWithoutMotionResidency]' passed (0.573 seconds).
Test Case '-[CitySimNativeTests.WorldRenderingTests testCompletedLotsExposeDistinctCityNeighborhoodAndBlockContextWithoutLabelsOrActions]' started.
Test Case '-[CitySimNativeTests.WorldRenderingTests testCompletedLotsExposeDistinctCityNeighborhoodAndBlockContextWithoutLabelsOrActions]' passed (0.431 seconds).
Test Case '-[CitySimNativeTests.WorldRenderingTests testCompletedVisibleSetUsesGeneratedV4AcrossKindsAndLevelsWithoutLegacyFallback]' started.
Test Case '-[CitySimNativeTests.WorldRenderingTests testCompletedVisibleSetUsesGeneratedV4AcrossKindsAndLevelsWithoutLegacyFallback]' passed (0.160 seconds).
Test Case '-[CitySimNativeTests.WorldRenderingTests testConstructionProofExportsSameCoordinateAcrossFiveStages]' started.
Test Case '-[CitySimNativeTests.WorldRenderingTests testConstructionProofExportsSameCoordinateAcrossFiveStages]' passed (1.397 seconds).
Test Case '-[CitySimNativeTests.WorldRenderingTests testCorridorAmbientLifeHasBoundedConnectedContextAndIsReduceMotionSafe]' started.
Test Case '-[CitySimNativeTests.WorldRenderingTests testCorridorAmbientLifeHasBoundedConnectedContextAndIsReduceMotionSafe]' passed (0.210 seconds).
Test Case '-[CitySimNativeTests.WorldRenderingTests testDevelopedMassCameraIgnoresRemoteOpportunityAndNumericOccupancy]' started.
Test Case '-[CitySimNativeTests.WorldRenderingTests testDevelopedMassCameraIgnoresRemoteOpportunityAndNumericOccupancy]' passed (0.121 seconds).
Test Case '-[CitySimNativeTests.WorldRenderingTests testDirectionalCommercialIdentitySurvivesPulseSaveLoadUndoCameraAndLOD]' started.
Test Case '-[CitySimNativeTests.WorldRenderingTests testDirectionalCommercialIdentitySurvivesPulseSaveLoadUndoCameraAndLOD]' passed (1.708 seconds).
Test Case '-[CitySimNativeTests.WorldRenderingTests testDirectionalCommercialProductionSelectionCoversEveryLevelAndAuthoritativeFrontage]' started.
Test Case '-[CitySimNativeTests.WorldRenderingTests testDirectionalCommercialProductionSelectionCoversEveryLevelAndAuthoritativeFrontage]' passed (1.397 seconds).
Test Case '-[CitySimNativeTests.WorldRenderingTests testDirectionalCommercialRuntimeMatrixExportsPreIngestionAndProductionSelection]' started.
Test Case '-[CitySimNativeTests.WorldRenderingTests testDirectionalCommercialRuntimeMatrixExportsPreIngestionAndProductionSelection]' passed (0.679 seconds).
Test Case '-[CitySimNativeTests.WorldRenderingTests testDirectionalIndustrialL1IdentitySurvivesPulseSaveLoadUndoCameraAndLOD]' started.
Test Case '-[CitySimNativeTests.WorldRenderingTests testDirectionalIndustrialL1IdentitySurvivesPulseSaveLoadUndoCameraAndLOD]' passed (1.668 seconds).
Test Case '-[CitySimNativeTests.WorldRenderingTests testDirectionalIndustrialL1ProductionSelectionCoversEveryAuthoritativeFrontageAndLOD]' started.
Test Case '-[CitySimNativeTests.WorldRenderingTests testDirectionalIndustrialL1ProductionSelectionCoversEveryAuthoritativeFrontageAndLOD]' passed (0.337 seconds).
Test Case '-[CitySimNativeTests.WorldRenderingTests testDirectionalResidentialIdentitySurvivesPulseSaveLoadUndoCameraAndLOD]' started.
Test Case '-[CitySimNativeTests.WorldRenderingTests testDirectionalResidentialIdentitySurvivesPulseSaveLoadUndoCameraAndLOD]' passed (1.720 seconds).
Test Case '-[CitySimNativeTests.WorldRenderingTests testDirectionalResidentialProductionSelectionCoversEveryLevelAndAuthoritativeFrontage]' started.
Test Case '-[CitySimNativeTests.WorldRenderingTests testDirectionalResidentialProductionSelectionCoversEveryLevelAndAuthoritativeFrontage]' passed (1.394 seconds).
Test Case '-[CitySimNativeTests.WorldRenderingTests testDirectionalResidentialRuntimeMatrixExportsPreIngestionAndProductionSelection]' started.
Test Case '-[CitySimNativeTests.WorldRenderingTests testDirectionalResidentialRuntimeMatrixExportsPreIngestionAndProductionSelection]' passed (0.645 seconds).
Test Case '-[CitySimNativeTests.WorldRenderingTests testEntireAuthoritativeRoadNetworkStaysPhysicalWithoutChangingHitGeometry]' started.
Test Case '-[CitySimNativeTests.WorldRenderingTests testEntireAuthoritativeRoadNetworkStaysPhysicalWithoutChangingHitGeometry]' passed (0.007 seconds).
Test Case '-[CitySimNativeTests.WorldRenderingTests testExactCompactActiveCoordinateRemainsInsideSafeWorldViewport]' started.
Test Case '-[CitySimNativeTests.WorldRenderingTests testExactCompactActiveCoordinateRemainsInsideSafeWorldViewport]' passed (0.028 seconds).
Test Case '-[CitySimNativeTests.WorldRenderingTests testFiveOverlaysUseDistinctSparseNonColorMarksWithoutTileWashOrLabels]' started.
Test Case '-[CitySimNativeTests.WorldRenderingTests testFiveOverlaysUseDistinctSparseNonColorMarksWithoutTileWashOrLabels]' passed (0.001 seconds).
Test Case '-[CitySimNativeTests.WorldRenderingTests testFiveOverlaysUseOnlyApprovedSpatialSamplesAndRespectTypedDomains]' started.
Test Case '-[CitySimNativeTests.WorldRenderingTests testFiveOverlaysUseOnlyApprovedSpatialSamplesAndRespectTypedDomains]' passed (0.000 seconds).
Test Case '-[CitySimNativeTests.WorldRenderingTests testGeneratedWorldCatalogMeasuresDecodeLoadWithoutChargingCacheHits]' started.
Test Case '-[CitySimNativeTests.WorldRenderingTests testGeneratedWorldCatalogMeasuresDecodeLoadWithoutChargingCacheHits]' passed (0.066 seconds).
Test Case '-[CitySimNativeTests.WorldRenderingTests testGeneratedWorldDescriptorsRegisterPhysicalGeometryWithoutInventingGameplayCells]' started.
Test Case '-[CitySimNativeTests.WorldRenderingTests testGeneratedWorldDescriptorsRegisterPhysicalGeometryWithoutInventingGameplayCells]' passed (3.975 seconds).
Test Case '-[CitySimNativeTests.WorldRenderingTests testGeneratedWorldLegacyRollbackIsExplicitAndDoesNotChangeStateContracts]' started.
Test Case '-[CitySimNativeTests.WorldRenderingTests testGeneratedWorldLegacyRollbackIsExplicitAndDoesNotChangeStateContracts]' passed (0.003 seconds).
Test Case '-[CitySimNativeTests.WorldRenderingTests testGeneratedWorldMissingLogicalAssetEmitsBoundedExplicitDiagnostic]' started.
Test Case '-[CitySimNativeTests.WorldRenderingTests testGeneratedWorldMissingLogicalAssetEmitsBoundedExplicitDiagnostic]' passed (0.004 seconds).
Test Case '-[CitySimNativeTests.WorldRenderingTests testGeneratedWorldPreloadsOneAdjacentLODWithinPageBudget]' started.
Test Case '-[CitySimNativeTests.WorldRenderingTests testGeneratedWorldPreloadsOneAdjacentLODWithinPageBudget]' passed (0.170 seconds).
Test Case '-[CitySimNativeTests.WorldRenderingTests testGeneratedWorldProductionBundleLoadsPagesInsteadOfUnpackedPayloads]' started.
Test Case '-[CitySimNativeTests.WorldRenderingTests testGeneratedWorldProductionBundleLoadsPagesInsteadOfUnpackedPayloads]' passed (0.076 seconds).
Test Case '-[CitySimNativeTests.WorldRenderingTests testGeneratedWorldResidencyIsBoundedAcrossRepeatedRealLODTransitions]' started.
Test Case '-[CitySimNativeTests.WorldRenderingTests testGeneratedWorldResidencyIsBoundedAcrossRepeatedRealLODTransitions]' passed (0.615 seconds).
Test Case '-[CitySimNativeTests.WorldRenderingTests testGeneratedWorldUnknownPackOverrideFailsExplicitly]' started.
Test Case '-[CitySimNativeTests.WorldRenderingTests testGeneratedWorldUnknownPackOverrideFailsExplicitly]' passed (0.000 seconds).
Test Case '-[CitySimNativeTests.WorldRenderingTests testGoldenNeighborhoodShippingRendererExportsThreeLODsAndCompact]' started.
Test Case '-[CitySimNativeTests.WorldRenderingTests testGoldenNeighborhoodShippingRendererExportsThreeLODsAndCompact]' passed (1.379 seconds).
Test Case '-[CitySimNativeTests.WorldRenderingTests testGoldenNeighborhoodTerrainAtlasLoadsEveryAuthoredMaterial]' started.
Test Case '-[CitySimNativeTests.WorldRenderingTests testGoldenNeighborhoodTerrainAtlasLoadsEveryAuthoredMaterial]' passed (3.847 seconds).
Test Case '-[CitySimNativeTests.WorldRenderingTests testIndustrialL1FrontagePriorityIsStableAndRoadlessOrHigherLevelsFailExplicitly]' started.
Test Case '-[CitySimNativeTests.WorldRenderingTests testIndustrialL1FrontagePriorityIsStableAndRoadlessOrHigherLevelsFailExplicitly]' passed (0.000 seconds).
Test Case '-[CitySimNativeTests.WorldRenderingTests testIndustrialStrainCameraPrioritizesTheDominantDistrictWithoutHidingRemoteTruth]' started.
Test Case '-[CitySimNativeTests.WorldRenderingTests testIndustrialStrainCameraPrioritizesTheDominantDistrictWithoutHidingRemoteTruth]' passed (1.782 seconds).
Test Case '-[CitySimNativeTests.WorldRenderingTests testInteractionPriorityUsesGroundedBoundariesWithoutBillboardClutter]' started.
Test Case '-[CitySimNativeTests.WorldRenderingTests testInteractionPriorityUsesGroundedBoundariesWithoutBillboardClutter]' passed (0.056 seconds).
Test Case '-[CitySimNativeTests.WorldRenderingTests testLifecycleProofFramesDistinguishConstructionDeclineAndRecovery]' started.
Test Case '-[CitySimNativeTests.WorldRenderingTests testLifecycleProofFramesDistinguishConstructionDeclineAndRecovery]' passed (1.711 seconds).
Test Case '-[CitySimNativeTests.WorldRenderingTests testLifecycleSilhouettesMotionAndReducedMotionFallbacksStayDistinct]' started.
Test Case '-[CitySimNativeTests.WorldRenderingTests testLifecycleSilhouettesMotionAndReducedMotionFallbacksStayDistinct]' passed (0.002 seconds).
Test Case '-[CitySimNativeTests.WorldRenderingTests testLotConsequencePresentationMapsOnlyAuthoritativeTileFields]' started.
Test Case '-[CitySimNativeTests.WorldRenderingTests testLotConsequencePresentationMapsOnlyAuthoritativeTileFields]' passed (0.000 seconds).
Test Case '-[CitySimNativeTests.WorldRenderingTests testLotContextIsDeterministicTruthBoundedAndProtectsFrontage]' started.
Test Case '-[CitySimNativeTests.WorldRenderingTests testLotContextIsDeterministicTruthBoundedAndProtectsFrontage]' passed (0.000 seconds).
Test Case '-[CitySimNativeTests.WorldRenderingTests testLotRendererPublishesDistinctConstructionConditionAndRecoveryStates]' started.
Test Case '-[CitySimNativeTests.WorldRenderingTests testLotRendererPublishesDistinctConstructionConditionAndRecoveryStates]' passed (0.001 seconds).
Test Case '-[CitySimNativeTests.WorldRenderingTests testMacroTerrainReplacesTheRepeatedCellPlateAndKeepsEmptyLotsInteractive]' started.
Test Case '-[CitySimNativeTests.WorldRenderingTests testMacroTerrainReplacesTheRepeatedCellPlateAndKeepsEmptyLotsInteractive]' passed (0.034 seconds).
Test Case '-[CitySimNativeTests.WorldRenderingTests testProductionCorridorExportsAllTopologySeamMosaicAcrossSemanticLODs]' started.
Test Case '-[CitySimNativeTests.WorldRenderingTests testProductionCorridorExportsAllTopologySeamMosaicAcrossSemanticLODs]' passed (0.294 seconds).
Test Case '-[CitySimNativeTests.WorldRenderingTests testReducedMotionEventsExpireBoundedlyAndSuppressSaveLoadUndoReplayDuplicates]' started.
Test Case '-[CitySimNativeTests.WorldRenderingTests testReducedMotionEventsExpireBoundedlyAndSuppressSaveLoadUndoReplayDuplicates]' passed (0.174 seconds).
Test Case '-[CitySimNativeTests.WorldRenderingTests testRejectedGoldenDistrictReferenceStaysIneligibleAndRetainsExplicitLODAssets]' started.
Test Case '-[CitySimNativeTests.WorldRenderingTests testRejectedGoldenDistrictReferenceStaysIneligibleAndRetainsExplicitLODAssets]' passed (0.047 seconds).
Test Case '-[CitySimNativeTests.WorldRenderingTests testRendererDiagnosticsSeparateWorldUpdateTotalRenderAndAssetDecode]' started.
Test Case '-[CitySimNativeTests.WorldRenderingTests testRendererDiagnosticsSeparateWorldUpdateTotalRenderAndAssetDecode]' passed (0.009 seconds).
Test Case '-[CitySimNativeTests.WorldRenderingTests testResidentialFrontagePriorityIsStableAndRoadlessLotsFailExplicitly]' started.
Test Case '-[CitySimNativeTests.WorldRenderingTests testResidentialFrontagePriorityIsStableAndRoadlessLotsFailExplicitly]' passed (0.000 seconds).
Test Case '-[CitySimNativeTests.WorldRenderingTests testRoundOneShippingStartExportsDevelopedBoundsDefaultAndCompact]' started.
Test Case '-[CitySimNativeTests.WorldRenderingTests testRoundOneShippingStartExportsDevelopedBoundsDefaultAndCompact]' passed (0.496 seconds).
Test Case '-[CitySimNativeTests.WorldRenderingTests testShippingSceneNeverPresentsRejectedGoldenDistrictPlate]' started.
Test Case '-[CitySimNativeTests.WorldRenderingTests testShippingSceneNeverPresentsRejectedGoldenDistrictPlate]' passed (0.042 seconds).
Test Case '-[CitySimNativeTests.WorldRenderingTests testSpatialConsequenceProofExportsSameCityWorseningRecoveryAndCompact]' started.
Test Case '-[CitySimNativeTests.WorldRenderingTests testSpatialConsequenceProofExportsSameCityWorseningRecoveryAndCompact]' passed (1.416 seconds).
Test Case '-[CitySimNativeTests.WorldRenderingTests testSpatialConsequencesPublishNonColorUtilityPollutionAndVitalityCues]' started.
Test Case '-[CitySimNativeTests.WorldRenderingTests testSpatialConsequencesPublishNonColorUtilityPollutionAndVitalityCues]' passed (0.000 seconds).
Test Case '-[CitySimNativeTests.WorldRenderingTests testSpatialTransitionEventsHaveStaticReduceMotionMeaningAndBoundedAnimation]' started.
Test Case '-[CitySimNativeTests.WorldRenderingTests testSpatialTransitionEventsHaveStaticReduceMotionMeaningAndBoundedAnimation]' passed (0.000 seconds).
Test Case '-[CitySimNativeTests.WorldRenderingTests testStartingCameraFramesTheDevelopedCoreAtDefaultAndCompactLODs]' started.
Test Case '-[CitySimNativeTests.WorldRenderingTests testStartingCameraFramesTheDevelopedCoreAtDefaultAndCompactLODs]' passed (4.578 seconds).
Test Case '-[CitySimNativeTests.WorldRenderingTests testStrategyDistrictIdentityIsStableClampedAndTruthLimited]' started.
Test Case '-[CitySimNativeTests.WorldRenderingTests testStrategyDistrictIdentityIsStableClampedAndTruthLimited]' passed (0.000 seconds).
Test Case '-[CitySimNativeTests.WorldRenderingTests testThirtyMinuteEquivalentUnchangedPulseSoakPreservesWorldIdentity]' started.
Test Case '-[CitySimNativeTests.WorldRenderingTests testThirtyMinuteEquivalentUnchangedPulseSoakPreservesWorldIdentity]' passed (0.037 seconds).
Test Case '-[CitySimNativeTests.WorldRenderingTests testTruthOverlaysDoNotRevealCompoundFacadeGlyphs]' started.
Test Case '-[CitySimNativeTests.WorldRenderingTests testTruthOverlaysDoNotRevealCompoundFacadeGlyphs]' passed (0.048 seconds).
Test Case '-[CitySimNativeTests.WorldRenderingTests testTypedLocalActivityIsDeterministicBoundedTruthSafeAndSuppressesNilOrZero]' started.
Test Case '-[CitySimNativeTests.WorldRenderingTests testTypedLocalActivityIsDeterministicBoundedTruthSafeAndSuppressesNilOrZero]' passed (0.009 seconds).
Test Case '-[CitySimNativeTests.WorldRenderingTests testTypedLocalActivityReusesAmbientTreeUntilItsVisibleBandChanges]' started.
Test Case '-[CitySimNativeTests.WorldRenderingTests testTypedLocalActivityReusesAmbientTreeUntilItsVisibleBandChanges]' passed (0.109 seconds).
Test Case '-[CitySimNativeTests.WorldRenderingTests testTypedLocalActivitySwitchesToCurrentHighestBandSourceExactlyOnce]' started.
Test Case '-[CitySimNativeTests.WorldRenderingTests testTypedLocalActivitySwitchesToCurrentHighestBandSourceExactlyOnce]' passed (0.051 seconds).
Test Suite 'WorldRenderingTests' passed at 2026-07-25 10:42:45.389.
	 Executed 60 tests, with 0 failures (0 unexpected) in 34.102 (34.106) seconds
Test Suite 'CitySimNativePackageTests.xctest' passed at 2026-07-25 10:42:45.389.
	 Executed 60 tests, with 0 failures (0 unexpected) in 34.102 (34.106) seconds
Test Suite 'Selected tests' passed at 2026-07-25 10:42:45.389.
	 Executed 60 tests, with 0 failures (0 unexpected) in 34.102 (34.107) seconds
CITYSIM_PLAY020_MOTION_DIAGNOSTICS active_actions=3 unchanged_pulses=12 unchanged_updates=0 reduced_motion_actions=0
PLAY022_M3_RESIDENCY active=block resident_textures=3 resident_bytes=41943040 high_water_bytes=41943040 hits=948 misses=12 evictions=9 fallbacks=0
CITYSIM_PLAY021_GOLDEN_DIAGNOSTICS nodes=914 drawables=434 actions=0 world_update_ms=4.459 asset_decode_loads=0 asset_decode_ms=0.000 total_render_ms=6.919
PLAY024_RETURN_CAMERA size=1280x800 scale=0.32296520471572876 priority_width=0.7238124428047685 priority_height=1.244466063092227
PLAY024_RETURN_CAMERA size=900x600 scale=0.576345682144165 priority_width=0.5796985019395197 priority_height=1.653910863258327
CITYSIM_PLAY020_DIAGNOSTICS lifecycle_nodes=890 lifecycle_drawables=458 lifecycle_actions=0 lifecycle_update_ms=0.000 recovery_nodes=858 recovery_drawables=433 recovery_actions=0 recovery_update_ms=0.000 compact_nodes=887 city_nodes=870 block_nodes=890 detail=neighborhood
PLAY022_ROUND1C_COLD_PROFILE backdrop_ms=0.183 preparation_ms=0.009 tile_build_ms=4.106 tree_metrics_ms=0.211 world_update_ms=4.298 asset_decode_loads=0 asset_decode_ms=0.000 total_render_ms=6.594
PLAY022_M2_FRAME size=1280x800 scale=0.312796950340271 detail=block occupied=0.7473417931726477,1.147784095197565 network=1.7749367587850384,2.039852692932059 nodes=1474 drawables=648
PLAY022_M2_FRAME size=900x600 scale=0.5447090268135071 detail=neighborhood occupied=0.6133673430983396,1.5631997999942033 network=1.4567474398585565,2.7781333919426454 nodes=1450 drawables=624
CITYSIM_PLAY022_SPATIAL_PROOF focus=13,11 strained_utility=severe strained_pollution=severe strained_vitality=strained recovered_utility=strained recovered_pollution=strained recovered_vitality=prosperous event_ids=spatial-v1:1:75cfd3b383e2590c4268c0b22e72ad23e879d0af4b923e4e98b59a95a3a204ec:13:11:utility:0:1,spatial-v1:1:75cfd3b383e2590c4268c0b22e72ad23e879d0af4b923e4e98b59a95a3a204ec:13:11:pollution:0:1,spatial-v1:1:75cfd3b383e2590c4268c0b22e72ad23e879d0af4b923e4e98b59a95a3a204ec:13:11:vitality:0:2
CITYSIM_PLAY021_SOAK_DIAGNOSTICS equivalent_minutes=30 pulses=4286 nodes=1474 drawables=648 actions=2 total_ms=2.981 average_ms=0.0007
◇ Test run started.
↳ Testing Library Version: 1902
↳ Target Platform: arm64e-apple-macos14.0
✔ Test run with 0 tests in 0 suites passed after 0.001 seconds.
