Building for debugging...
[0/12] Write sources
[0/12] Write CitySimNative-entitlement.plist
[0/12] Write sources
[0/12] /private/tmp/citysim-play022-round1d-five/scratch/arm64-apple-macosx/debug/CitySimNativePackageTests.derived/runner.swift
[4/12] Write sources
[5/12] Copying WorldAssets.atlas
[6/12] Write swift-version--58304C5D6DBC2206.txt
[8/56] Compiling CitySimNative CitySimNativeApp.swift
[9/56] Compiling CitySimNative CityGameState.swift
[10/56] Compiling CitySimNative CityModels.swift
[11/58] Compiling CitySimNative SaveGameService.swift
[12/58] Compiling CitySimNative CityGameStore.swift
[13/58] Compiling CitySimNative CityAnalytics.swift
[14/58] Compiling CitySimNative CityScene.swift
[15/58] Compiling CitySimNative CitySceneView.swift
[16/58] Compiling CitySimNative GeneratedWorldAssetManifest.swift
[17/58] Emitting module CitySimNative
[18/58] Compiling CitySimNative SettingsView.swift
[19/58] Compiling CitySimNative TopHUDView.swift
[20/58] Compiling CitySimNative GoldenDistrictRenderer.swift
[21/58] Compiling CitySimNative IsometricGridCoordinateResolver.swift
[22/58] Compiling CitySimNative LotConsequencePresentation.swift
[23/58] Compiling CitySimNative SpatialConsequenceRenderer.swift
[24/58] Compiling CitySimNative StrategyDistrictVisualIdentity.swift
[25/58] Compiling CitySimNative TerrainRenderer.swift
[26/58] Compiling CitySimNative GameStatusOverlay.swift
[27/58] Compiling CitySimNative InspectorView.swift
[28/58] Compiling CitySimNative WorldAssetCatalog.swift
[29/58] Compiling CitySimNative WorldOverlayRenderer.swift
[30/58] Compiling CitySimNative WorldVisualStyle.swift
[31/58] Compiling CitySimNative ContentView.swift
[32/58] Compiling CitySimNative EventFeedView.swift
[33/58] Compiling CitySimNative OverlayLegendView.swift
[34/58] Compiling CitySimNative OverlayPickerView.swift
[35/58] Compiling CitySimNative CityPresentationSnapshot.swift
[36/58] Compiling CitySimNative CitySpatialConsequences.swift
[37/58] Compiling CitySimNative AmbientLifeRenderer.swift
[38/58] Compiling CitySimNative BuildToolbarView.swift
[39/58] Compiling CitySimNative CommandGuideView.swift
[40/58] Compiling CitySimNative CitySimulation.swift
[41/58] Compiling CitySimNative CitySimulationCommand.swift
[42/58] Compiling CitySimNative CityStateFingerprint.swift
[43/58] Compiling CitySimNative LotLifecycleRenderer.swift
[44/58] Compiling CitySimNative LotRenderer.swift
[45/58] Compiling CitySimNative RoadRenderer.swift
[46/58] Compiling CitySimNative MetricCard.swift
[47/58] Compiling CitySimNative ObjectivesView.swift
[48/58] Compiling CitySimNative CityCommandCatalog.swift
[49/58] Compiling CitySimNative CityDirectActionPresentation.swift
[50/58] Compiling CitySimNative GameTheme.swift
[51/58] Compiling CitySimNative ProofWindowConfigurator.swift
[52/58] Compiling CitySimNative WelcomeView.swift
[53/58] Compiling CitySimNative resource_bundle_accessor.swift
[53/58] Write Objects.LinkFileList
[54/58] Linking CitySimNative
[55/58] Applying CitySimNative
[57/67] Compiling CitySimNativeTests ProofWindowConfiguratorTests.swift
[58/67] Compiling CitySimNativeTests IsometricGridCoordinateResolverTests.swift
[59/67] Compiling CitySimNativeTests SessionPlatformTests.swift
[60/67] Compiling CitySimNativeTests CitySimulationTests.swift
[61/67] Compiling CitySimNativeTests CityCommandCatalogTests.swift
[62/67] Compiling CitySimNativeTests GameplayLoopTests.swift
[63/67] Emitting module CitySimNativeTests
[64/67] Compiling CitySimNativeTests WorldRenderingTests.swift
[65/67] Compiling CitySimNativeTests SpatialConsequenceTests.swift
[66/69] Emitting module CitySimNativePackageTests
[67/69] Compiling CitySimNativePackageTests runner.swift
[67/69] Write Objects.LinkFileList
[68/69] Linking CitySimNativePackageTests
Build complete! (13.83s)
Test Suite 'Selected tests' started at 2026-07-23 08:14:17.051.
Test Suite 'CitySimNativePackageTests.xctest' started at 2026-07-23 08:14:17.052.
Test Suite 'WorldRenderingTests' started at 2026-07-23 08:14:17.052.
Test Case '-[CitySimNativeTests.WorldRenderingTests testAnimatedLifecycleNodesReuseAcrossUnchangedPulsesWithoutAccumulation]' started.
Test Case '-[CitySimNativeTests.WorldRenderingTests testAnimatedLifecycleNodesReuseAcrossUnchangedPulsesWithoutAccumulation]' passed (0.125 seconds).
Test Case '-[CitySimNativeTests.WorldRenderingTests testApprovedOverlaysUseSparseNonColorSeverityMarksWithoutTileWashOrLabels]' started.
Test Case '-[CitySimNativeTests.WorldRenderingTests testApprovedOverlaysUseSparseNonColorSeverityMarksWithoutTileWashOrLabels]' passed (0.001 seconds).
Test Case '-[CitySimNativeTests.WorldRenderingTests testAuthoredRoadAtlasCoversEveryMaskAndFrontagesFaceConnectedRoads]' started.
Test Case '-[CitySimNativeTests.WorldRenderingTests testAuthoredRoadAtlasCoversEveryMaskAndFrontagesFaceConnectedRoads]' passed (0.041 seconds).
Test Case '-[CitySimNativeTests.WorldRenderingTests testCityLODUsesOnePersistentNonColorAggregatePerDevelopedPlace]' started.
Test Case '-[CitySimNativeTests.WorldRenderingTests testCityLODUsesOnePersistentNonColorAggregatePerDevelopedPlace]' passed (0.001 seconds).
Test Case '-[CitySimNativeTests.WorldRenderingTests testCitySceneInvalidatesOnlyVisibleLifecycleBandChanges]' started.
Test Case '-[CitySimNativeTests.WorldRenderingTests testCitySceneInvalidatesOnlyVisibleLifecycleBandChanges]' passed (0.024 seconds).
Test Case '-[CitySimNativeTests.WorldRenderingTests testCompactSceneKeepsAmbientMeaningWithoutMotionResidency]' started.
Test Case '-[CitySimNativeTests.WorldRenderingTests testCompactSceneKeepsAmbientMeaningWithoutMotionResidency]' passed (0.344 seconds).
Test Case '-[CitySimNativeTests.WorldRenderingTests testCompletedVisibleSetUsesGeneratedV4AcrossKindsAndLevelsWithoutLegacyFallback]' started.
Test Case '-[CitySimNativeTests.WorldRenderingTests testCompletedVisibleSetUsesGeneratedV4AcrossKindsAndLevelsWithoutLegacyFallback]' passed (0.027 seconds).
Test Case '-[CitySimNativeTests.WorldRenderingTests testCorridorAmbientLifeHasOneSemanticSetAndIsReduceMotionSafe]' started.
Test Case '-[CitySimNativeTests.WorldRenderingTests testCorridorAmbientLifeHasOneSemanticSetAndIsReduceMotionSafe]' passed (0.006 seconds).
Test Case '-[CitySimNativeTests.WorldRenderingTests testDevelopedMassCameraIgnoresRemoteOpportunityAndNumericOccupancy]' started.
Test Case '-[CitySimNativeTests.WorldRenderingTests testDevelopedMassCameraIgnoresRemoteOpportunityAndNumericOccupancy]' passed (0.079 seconds).
Test Case '-[CitySimNativeTests.WorldRenderingTests testExactCompactActiveCoordinateRemainsInsideSafeWorldViewport]' started.
Test Case '-[CitySimNativeTests.WorldRenderingTests testExactCompactActiveCoordinateRemainsInsideSafeWorldViewport]' passed (0.024 seconds).
Test Case '-[CitySimNativeTests.WorldRenderingTests testGeneratedWorldCatalogMeasuresDecodeLoadWithoutChargingCacheHits]' started.
Test Case '-[CitySimNativeTests.WorldRenderingTests testGeneratedWorldCatalogMeasuresDecodeLoadWithoutChargingCacheHits]' passed (0.008 seconds).
Test Case '-[CitySimNativeTests.WorldRenderingTests testGeneratedWorldDescriptorsRegisterPhysicalGeometryWithoutInventingGameplayCells]' started.
Test Case '-[CitySimNativeTests.WorldRenderingTests testGeneratedWorldDescriptorsRegisterPhysicalGeometryWithoutInventingGameplayCells]' passed (0.047 seconds).
Test Case '-[CitySimNativeTests.WorldRenderingTests testGeneratedWorldResidencyIsBoundedAcrossRepeatedRealLODTransitions]' started.
Test Case '-[CitySimNativeTests.WorldRenderingTests testGeneratedWorldResidencyIsBoundedAcrossRepeatedRealLODTransitions]' passed (0.384 seconds).
Test Case '-[CitySimNativeTests.WorldRenderingTests testGoldenNeighborhoodShippingRendererExportsThreeLODsAndCompact]' started.
Test Case '-[CitySimNativeTests.WorldRenderingTests testGoldenNeighborhoodShippingRendererExportsThreeLODsAndCompact]' passed (1.232 seconds).
Test Case '-[CitySimNativeTests.WorldRenderingTests testGoldenNeighborhoodTerrainAtlasLoadsEveryAuthoredMaterial]' started.
Test Case '-[CitySimNativeTests.WorldRenderingTests testGoldenNeighborhoodTerrainAtlasLoadsEveryAuthoredMaterial]' passed (0.049 seconds).
Test Case '-[CitySimNativeTests.WorldRenderingTests testInteractionPriorityUsesGroundedBoundariesWithoutBillboardClutter]' started.
Test Case '-[CitySimNativeTests.WorldRenderingTests testInteractionPriorityUsesGroundedBoundariesWithoutBillboardClutter]' passed (0.014 seconds).
Test Case '-[CitySimNativeTests.WorldRenderingTests testLifecycleProofFramesDistinguishConstructionDeclineAndRecovery]' started.
Test Case '-[CitySimNativeTests.WorldRenderingTests testLifecycleProofFramesDistinguishConstructionDeclineAndRecovery]' passed (1.411 seconds).
Test Case '-[CitySimNativeTests.WorldRenderingTests testLifecycleSilhouettesMotionAndReducedMotionFallbacksStayDistinct]' started.
Test Case '-[CitySimNativeTests.WorldRenderingTests testLifecycleSilhouettesMotionAndReducedMotionFallbacksStayDistinct]' passed (0.003 seconds).
Test Case '-[CitySimNativeTests.WorldRenderingTests testLotConsequencePresentationMapsOnlyAuthoritativeTileFields]' started.
Test Case '-[CitySimNativeTests.WorldRenderingTests testLotConsequencePresentationMapsOnlyAuthoritativeTileFields]' passed (0.000 seconds).
Test Case '-[CitySimNativeTests.WorldRenderingTests testLotRendererPublishesDistinctConstructionConditionAndRecoveryStates]' started.
Test Case '-[CitySimNativeTests.WorldRenderingTests testLotRendererPublishesDistinctConstructionConditionAndRecoveryStates]' passed (0.004 seconds).
Test Case '-[CitySimNativeTests.WorldRenderingTests testMacroTerrainReplacesTheRepeatedCellPlateAndKeepsEmptyLotsInteractive]' started.
Test Case '-[CitySimNativeTests.WorldRenderingTests testMacroTerrainReplacesTheRepeatedCellPlateAndKeepsEmptyLotsInteractive]' passed (0.047 seconds).
Test Case '-[CitySimNativeTests.WorldRenderingTests testProductionCorridorExportsAllTopologySeamMosaicAcrossSemanticLODs]' started.
Test Case '-[CitySimNativeTests.WorldRenderingTests testProductionCorridorExportsAllTopologySeamMosaicAcrossSemanticLODs]' passed (0.190 seconds).
Test Case '-[CitySimNativeTests.WorldRenderingTests testReducedMotionEventsExpireBoundedlyAndSuppressSaveLoadUndoReplayDuplicates]' started.
Test Case '-[CitySimNativeTests.WorldRenderingTests testReducedMotionEventsExpireBoundedlyAndSuppressSaveLoadUndoReplayDuplicates]' passed (0.124 seconds).
Test Case '-[CitySimNativeTests.WorldRenderingTests testRejectedGoldenDistrictReferenceRetainsExplicitLODAssets]' started.
Test Case '-[CitySimNativeTests.WorldRenderingTests testRejectedGoldenDistrictReferenceRetainsExplicitLODAssets]' passed (0.051 seconds).
Test Case '-[CitySimNativeTests.WorldRenderingTests testRemoteRoadOpportunityRecedesWithoutChangingTopologyOrHitGeometry]' started.
Test Case '-[CitySimNativeTests.WorldRenderingTests testRemoteRoadOpportunityRecedesWithoutChangingTopologyOrHitGeometry]' passed (0.001 seconds).
Test Case '-[CitySimNativeTests.WorldRenderingTests testRendererDiagnosticsSeparateWorldUpdateTotalRenderAndAssetDecode]' started.
Test Case '-[CitySimNativeTests.WorldRenderingTests testRendererDiagnosticsSeparateWorldUpdateTotalRenderAndAssetDecode]' passed (0.005 seconds).
Test Case '-[CitySimNativeTests.WorldRenderingTests testRoundOneShippingStartExportsDevelopedBoundsDefaultAndCompact]' started.
Test Case '-[CitySimNativeTests.WorldRenderingTests testRoundOneShippingStartExportsDevelopedBoundsDefaultAndCompact]' passed (0.437 seconds).
Test Case '-[CitySimNativeTests.WorldRenderingTests testShippingSceneNeverPresentsRejectedGoldenDistrictPlate]' started.
Test Case '-[CitySimNativeTests.WorldRenderingTests testShippingSceneNeverPresentsRejectedGoldenDistrictPlate]' passed (0.059 seconds).
Test Case '-[CitySimNativeTests.WorldRenderingTests testSpatialConsequenceProofExportsSameCityWorseningRecoveryAndCompact]' started.
Test Case '-[CitySimNativeTests.WorldRenderingTests testSpatialConsequenceProofExportsSameCityWorseningRecoveryAndCompact]' passed (1.098 seconds).
Test Case '-[CitySimNativeTests.WorldRenderingTests testSpatialConsequencesPublishNonColorUtilityPollutionAndVitalityCues]' started.
Test Case '-[CitySimNativeTests.WorldRenderingTests testSpatialConsequencesPublishNonColorUtilityPollutionAndVitalityCues]' passed (0.000 seconds).
Test Case '-[CitySimNativeTests.WorldRenderingTests testSpatialTransitionEventsHaveStaticReduceMotionMeaningAndBoundedAnimation]' started.
Test Case '-[CitySimNativeTests.WorldRenderingTests testSpatialTransitionEventsHaveStaticReduceMotionMeaningAndBoundedAnimation]' passed (0.000 seconds).
Test Case '-[CitySimNativeTests.WorldRenderingTests testStartingCameraFramesTheDevelopedCoreAtDefaultAndCompactLODs]' started.
Test Case '-[CitySimNativeTests.WorldRenderingTests testStartingCameraFramesTheDevelopedCoreAtDefaultAndCompactLODs]' passed (2.640 seconds).
Test Case '-[CitySimNativeTests.WorldRenderingTests testStrategyDistrictIdentityIsStableClampedAndTruthLimited]' started.
Test Case '-[CitySimNativeTests.WorldRenderingTests testStrategyDistrictIdentityIsStableClampedAndTruthLimited]' passed (0.000 seconds).
Test Case '-[CitySimNativeTests.WorldRenderingTests testThirtyMinuteEquivalentUnchangedPulseSoakPreservesWorldIdentity]' started.
Test Case '-[CitySimNativeTests.WorldRenderingTests testThirtyMinuteEquivalentUnchangedPulseSoakPreservesWorldIdentity]' passed (0.025 seconds).
Test Case '-[CitySimNativeTests.WorldRenderingTests testUtilityAndPollutionOverlaysUseApprovedSpatialSampleInsteadOfStateInference]' started.
Test Case '-[CitySimNativeTests.WorldRenderingTests testUtilityAndPollutionOverlaysUseApprovedSpatialSampleInsteadOfStateInference]' passed (0.000 seconds).
Test Suite 'WorldRenderingTests' passed at 2026-07-23 08:14:25.553.
	 Executed 35 tests, with 0 failures (0 unexpected) in 8.499 (8.501) seconds
Test Suite 'CitySimNativePackageTests.xctest' passed at 2026-07-23 08:14:25.553.
	 Executed 35 tests, with 0 failures (0 unexpected) in 8.499 (8.501) seconds
Test Suite 'Selected tests' passed at 2026-07-23 08:14:25.553.
	 Executed 35 tests, with 0 failures (0 unexpected) in 8.499 (8.502) seconds
CITYSIM_PLAY020_MOTION_DIAGNOSTICS active_actions=2 unchanged_pulses=12 unchanged_updates=0 reduced_motion_actions=0
PLAY022_M3_RESIDENCY active=block resident_textures=28 resident_bytes=13521048 high_water_bytes=13521048 hits=56 misses=364 evictions=336 fallbacks=0
CITYSIM_PLAY021_GOLDEN_DIAGNOSTICS nodes=681 drawables=252 actions=0 world_update_ms=3.365 asset_decode_loads=15 asset_decode_ms=35.350 total_render_ms=39.319
CITYSIM_PLAY020_DIAGNOSTICS lifecycle_nodes=697 lifecycle_drawables=309 lifecycle_actions=0 lifecycle_update_ms=0.000 recovery_nodes=676 recovery_drawables=293 recovery_actions=0 recovery_update_ms=0.000 compact_nodes=694 city_nodes=697 block_nodes=697 detail=neighborhood
PLAY022_ROUND1C_COLD_PROFILE backdrop_ms=0.070 preparation_ms=0.009 tile_build_ms=3.181 tree_metrics_ms=0.167 world_update_ms=3.260 asset_decode_loads=0 asset_decode_ms=0.000 total_render_ms=3.773
PLAY022_M2_FRAME size=1280x800 scale=0.312796950340271 detail=block occupied=0.7473417931726477,1.018249134251841 network=1.7749367587850384,2.039852692932059 nodes=1111 drawables=389
PLAY022_M2_FRAME size=900x600 scale=0.5966191291809082 detail=neighborhood occupied=0.5600000271479302,1.266122528439631 network=1.3300000644763341,2.5364160521650443 nodes=1102 drawables=380
CITYSIM_PLAY022_SPATIAL_PROOF focus=10,11 strained_utility=severe strained_pollution=strained strained_vitality=strained recovered_utility=strained recovered_pollution=strained recovered_vitality=prosperous event_ids=spatial-v1:1:408bde0e762db5b6f98c37c40bff35b384db7428019515e029357d2799ccc41b:10:11:utility:0:1,spatial-v1:1:408bde0e762db5b6f98c37c40bff35b384db7428019515e029357d2799ccc41b:10:11:vitality:0:2
CITYSIM_PLAY021_SOAK_DIAGNOSTICS equivalent_minutes=30 pulses=4286 nodes=1111 drawables=389 actions=1 total_ms=13.301 average_ms=0.0031
◇ Test run started.
↳ Testing Library Version: 1902
↳ Target Platform: arm64e-apple-macos14.0
✔ Test run with 0 tests in 0 suites passed after 0.001 seconds.
