Test Suite 'Selected tests' started at 2026-07-23 08:15:08.846.
Test Suite 'CitySimNativePackageTests.xctest' started at 2026-07-23 08:15:08.847.
Test Suite 'WorldRenderingTests' started at 2026-07-23 08:15:08.847.
Test Case '-[CitySimNativeTests.WorldRenderingTests testAnimatedLifecycleNodesReuseAcrossUnchangedPulsesWithoutAccumulation]' started.
Test Case '-[CitySimNativeTests.WorldRenderingTests testAnimatedLifecycleNodesReuseAcrossUnchangedPulsesWithoutAccumulation]' passed (0.118 seconds).
Test Case '-[CitySimNativeTests.WorldRenderingTests testApprovedOverlaysUseSparseNonColorSeverityMarksWithoutTileWashOrLabels]' started.
Test Case '-[CitySimNativeTests.WorldRenderingTests testApprovedOverlaysUseSparseNonColorSeverityMarksWithoutTileWashOrLabels]' passed (0.001 seconds).
Test Case '-[CitySimNativeTests.WorldRenderingTests testAuthoredRoadAtlasCoversEveryMaskAndFrontagesFaceConnectedRoads]' started.
Test Case '-[CitySimNativeTests.WorldRenderingTests testAuthoredRoadAtlasCoversEveryMaskAndFrontagesFaceConnectedRoads]' passed (0.035 seconds).
Test Case '-[CitySimNativeTests.WorldRenderingTests testCityLODUsesOnePersistentNonColorAggregatePerDevelopedPlace]' started.
Test Case '-[CitySimNativeTests.WorldRenderingTests testCityLODUsesOnePersistentNonColorAggregatePerDevelopedPlace]' passed (0.000 seconds).
Test Case '-[CitySimNativeTests.WorldRenderingTests testCitySceneInvalidatesOnlyVisibleLifecycleBandChanges]' started.
Test Case '-[CitySimNativeTests.WorldRenderingTests testCitySceneInvalidatesOnlyVisibleLifecycleBandChanges]' passed (0.024 seconds).
Test Case '-[CitySimNativeTests.WorldRenderingTests testCompactSceneKeepsAmbientMeaningWithoutMotionResidency]' started.
Test Case '-[CitySimNativeTests.WorldRenderingTests testCompactSceneKeepsAmbientMeaningWithoutMotionResidency]' passed (0.340 seconds).
Test Case '-[CitySimNativeTests.WorldRenderingTests testCompletedVisibleSetUsesGeneratedV4AcrossKindsAndLevelsWithoutLegacyFallback]' started.
Test Case '-[CitySimNativeTests.WorldRenderingTests testCompletedVisibleSetUsesGeneratedV4AcrossKindsAndLevelsWithoutLegacyFallback]' passed (0.027 seconds).
Test Case '-[CitySimNativeTests.WorldRenderingTests testCorridorAmbientLifeHasOneSemanticSetAndIsReduceMotionSafe]' started.
Test Case '-[CitySimNativeTests.WorldRenderingTests testCorridorAmbientLifeHasOneSemanticSetAndIsReduceMotionSafe]' passed (0.006 seconds).
Test Case '-[CitySimNativeTests.WorldRenderingTests testDevelopedMassCameraIgnoresRemoteOpportunityAndNumericOccupancy]' started.
Test Case '-[CitySimNativeTests.WorldRenderingTests testDevelopedMassCameraIgnoresRemoteOpportunityAndNumericOccupancy]' passed (0.080 seconds).
Test Case '-[CitySimNativeTests.WorldRenderingTests testExactCompactActiveCoordinateRemainsInsideSafeWorldViewport]' started.
Test Case '-[CitySimNativeTests.WorldRenderingTests testExactCompactActiveCoordinateRemainsInsideSafeWorldViewport]' passed (0.024 seconds).
Test Case '-[CitySimNativeTests.WorldRenderingTests testGeneratedWorldCatalogMeasuresDecodeLoadWithoutChargingCacheHits]' started.
Test Case '-[CitySimNativeTests.WorldRenderingTests testGeneratedWorldCatalogMeasuresDecodeLoadWithoutChargingCacheHits]' passed (0.002 seconds).
Test Case '-[CitySimNativeTests.WorldRenderingTests testGeneratedWorldDescriptorsRegisterPhysicalGeometryWithoutInventingGameplayCells]' started.
Test Case '-[CitySimNativeTests.WorldRenderingTests testGeneratedWorldDescriptorsRegisterPhysicalGeometryWithoutInventingGameplayCells]' passed (0.042 seconds).
Test Case '-[CitySimNativeTests.WorldRenderingTests testGeneratedWorldResidencyIsBoundedAcrossRepeatedRealLODTransitions]' started.
Test Case '-[CitySimNativeTests.WorldRenderingTests testGeneratedWorldResidencyIsBoundedAcrossRepeatedRealLODTransitions]' passed (0.377 seconds).
Test Case '-[CitySimNativeTests.WorldRenderingTests testGoldenNeighborhoodShippingRendererExportsThreeLODsAndCompact]' started.
Test Case '-[CitySimNativeTests.WorldRenderingTests testGoldenNeighborhoodShippingRendererExportsThreeLODsAndCompact]' passed (1.191 seconds).
Test Case '-[CitySimNativeTests.WorldRenderingTests testGoldenNeighborhoodTerrainAtlasLoadsEveryAuthoredMaterial]' started.
Test Case '-[CitySimNativeTests.WorldRenderingTests testGoldenNeighborhoodTerrainAtlasLoadsEveryAuthoredMaterial]' passed (0.045 seconds).
Test Case '-[CitySimNativeTests.WorldRenderingTests testInteractionPriorityUsesGroundedBoundariesWithoutBillboardClutter]' started.
Test Case '-[CitySimNativeTests.WorldRenderingTests testInteractionPriorityUsesGroundedBoundariesWithoutBillboardClutter]' passed (0.014 seconds).
Test Case '-[CitySimNativeTests.WorldRenderingTests testLifecycleProofFramesDistinguishConstructionDeclineAndRecovery]' started.
Test Case '-[CitySimNativeTests.WorldRenderingTests testLifecycleProofFramesDistinguishConstructionDeclineAndRecovery]' passed (1.438 seconds).
Test Case '-[CitySimNativeTests.WorldRenderingTests testLifecycleSilhouettesMotionAndReducedMotionFallbacksStayDistinct]' started.
Test Case '-[CitySimNativeTests.WorldRenderingTests testLifecycleSilhouettesMotionAndReducedMotionFallbacksStayDistinct]' passed (0.003 seconds).
Test Case '-[CitySimNativeTests.WorldRenderingTests testLotConsequencePresentationMapsOnlyAuthoritativeTileFields]' started.
Test Case '-[CitySimNativeTests.WorldRenderingTests testLotConsequencePresentationMapsOnlyAuthoritativeTileFields]' passed (0.000 seconds).
Test Case '-[CitySimNativeTests.WorldRenderingTests testLotRendererPublishesDistinctConstructionConditionAndRecoveryStates]' started.
Test Case '-[CitySimNativeTests.WorldRenderingTests testLotRendererPublishesDistinctConstructionConditionAndRecoveryStates]' passed (0.004 seconds).
Test Case '-[CitySimNativeTests.WorldRenderingTests testMacroTerrainReplacesTheRepeatedCellPlateAndKeepsEmptyLotsInteractive]' started.
Test Case '-[CitySimNativeTests.WorldRenderingTests testMacroTerrainReplacesTheRepeatedCellPlateAndKeepsEmptyLotsInteractive]' passed (0.046 seconds).
Test Case '-[CitySimNativeTests.WorldRenderingTests testProductionCorridorExportsAllTopologySeamMosaicAcrossSemanticLODs]' started.
Test Case '-[CitySimNativeTests.WorldRenderingTests testProductionCorridorExportsAllTopologySeamMosaicAcrossSemanticLODs]' passed (0.174 seconds).
Test Case '-[CitySimNativeTests.WorldRenderingTests testReducedMotionEventsExpireBoundedlyAndSuppressSaveLoadUndoReplayDuplicates]' started.
Test Case '-[CitySimNativeTests.WorldRenderingTests testReducedMotionEventsExpireBoundedlyAndSuppressSaveLoadUndoReplayDuplicates]' passed (0.122 seconds).
Test Case '-[CitySimNativeTests.WorldRenderingTests testRejectedGoldenDistrictReferenceRetainsExplicitLODAssets]' started.
Test Case '-[CitySimNativeTests.WorldRenderingTests testRejectedGoldenDistrictReferenceRetainsExplicitLODAssets]' passed (0.038 seconds).
Test Case '-[CitySimNativeTests.WorldRenderingTests testRemoteRoadOpportunityRecedesWithoutChangingTopologyOrHitGeometry]' started.
Test Case '-[CitySimNativeTests.WorldRenderingTests testRemoteRoadOpportunityRecedesWithoutChangingTopologyOrHitGeometry]' passed (0.001 seconds).
Test Case '-[CitySimNativeTests.WorldRenderingTests testRendererDiagnosticsSeparateWorldUpdateTotalRenderAndAssetDecode]' started.
Test Case '-[CitySimNativeTests.WorldRenderingTests testRendererDiagnosticsSeparateWorldUpdateTotalRenderAndAssetDecode]' passed (0.005 seconds).
Test Case '-[CitySimNativeTests.WorldRenderingTests testRoundOneShippingStartExportsDevelopedBoundsDefaultAndCompact]' started.
Test Case '-[CitySimNativeTests.WorldRenderingTests testRoundOneShippingStartExportsDevelopedBoundsDefaultAndCompact]' passed (0.437 seconds).
Test Case '-[CitySimNativeTests.WorldRenderingTests testShippingSceneNeverPresentsRejectedGoldenDistrictPlate]' started.
Test Case '-[CitySimNativeTests.WorldRenderingTests testShippingSceneNeverPresentsRejectedGoldenDistrictPlate]' passed (0.059 seconds).
Test Case '-[CitySimNativeTests.WorldRenderingTests testSpatialConsequenceProofExportsSameCityWorseningRecoveryAndCompact]' started.
Test Case '-[CitySimNativeTests.WorldRenderingTests testSpatialConsequenceProofExportsSameCityWorseningRecoveryAndCompact]' passed (1.117 seconds).
Test Case '-[CitySimNativeTests.WorldRenderingTests testSpatialConsequencesPublishNonColorUtilityPollutionAndVitalityCues]' started.
Test Case '-[CitySimNativeTests.WorldRenderingTests testSpatialConsequencesPublishNonColorUtilityPollutionAndVitalityCues]' passed (0.000 seconds).
Test Case '-[CitySimNativeTests.WorldRenderingTests testSpatialTransitionEventsHaveStaticReduceMotionMeaningAndBoundedAnimation]' started.
Test Case '-[CitySimNativeTests.WorldRenderingTests testSpatialTransitionEventsHaveStaticReduceMotionMeaningAndBoundedAnimation]' passed (0.000 seconds).
Test Case '-[CitySimNativeTests.WorldRenderingTests testStartingCameraFramesTheDevelopedCoreAtDefaultAndCompactLODs]' started.
Test Case '-[CitySimNativeTests.WorldRenderingTests testStartingCameraFramesTheDevelopedCoreAtDefaultAndCompactLODs]' passed (2.627 seconds).
Test Case '-[CitySimNativeTests.WorldRenderingTests testStrategyDistrictIdentityIsStableClampedAndTruthLimited]' started.
Test Case '-[CitySimNativeTests.WorldRenderingTests testStrategyDistrictIdentityIsStableClampedAndTruthLimited]' passed (0.000 seconds).
Test Case '-[CitySimNativeTests.WorldRenderingTests testThirtyMinuteEquivalentUnchangedPulseSoakPreservesWorldIdentity]' started.
Test Case '-[CitySimNativeTests.WorldRenderingTests testThirtyMinuteEquivalentUnchangedPulseSoakPreservesWorldIdentity]' passed (0.024 seconds).
Test Case '-[CitySimNativeTests.WorldRenderingTests testUtilityAndPollutionOverlaysUseApprovedSpatialSampleInsteadOfStateInference]' started.
Test Case '-[CitySimNativeTests.WorldRenderingTests testUtilityAndPollutionOverlaysUseApprovedSpatialSampleInsteadOfStateInference]' passed (0.000 seconds).
Test Suite 'WorldRenderingTests' passed at 2026-07-23 08:15:17.272.
	 Executed 35 tests, with 0 failures (0 unexpected) in 8.423 (8.425) seconds
Test Suite 'CitySimNativePackageTests.xctest' passed at 2026-07-23 08:15:17.272.
	 Executed 35 tests, with 0 failures (0 unexpected) in 8.423 (8.425) seconds
Test Suite 'Selected tests' passed at 2026-07-23 08:15:17.272.
	 Executed 35 tests, with 0 failures (0 unexpected) in 8.423 (8.426) seconds
CITYSIM_PLAY020_MOTION_DIAGNOSTICS active_actions=2 unchanged_pulses=12 unchanged_updates=0 reduced_motion_actions=0
PLAY022_M3_RESIDENCY active=block resident_textures=28 resident_bytes=13521048 high_water_bytes=13521048 hits=56 misses=364 evictions=336 fallbacks=0
CITYSIM_PLAY021_GOLDEN_DIAGNOSTICS nodes=681 drawables=252 actions=0 world_update_ms=3.471 asset_decode_loads=15 asset_decode_ms=35.229 total_render_ms=39.280
CITYSIM_PLAY020_DIAGNOSTICS lifecycle_nodes=697 lifecycle_drawables=309 lifecycle_actions=0 lifecycle_update_ms=0.000 recovery_nodes=676 recovery_drawables=293 recovery_actions=0 recovery_update_ms=0.000 compact_nodes=694 city_nodes=697 block_nodes=697 detail=neighborhood
PLAY022_ROUND1C_COLD_PROFILE backdrop_ms=0.075 preparation_ms=0.009 tile_build_ms=3.201 tree_metrics_ms=0.153 world_update_ms=3.285 asset_decode_loads=0 asset_decode_ms=0.000 total_render_ms=3.800
PLAY022_M2_FRAME size=1280x800 scale=0.312796950340271 detail=block occupied=0.7473417931726477,1.018249134251841 network=1.7749367587850384,2.039852692932059 nodes=1111 drawables=389
PLAY022_M2_FRAME size=900x600 scale=0.5966191291809082 detail=neighborhood occupied=0.5600000271479302,1.266122528439631 network=1.3300000644763341,2.5364160521650443 nodes=1102 drawables=380
CITYSIM_PLAY022_SPATIAL_PROOF focus=10,11 strained_utility=severe strained_pollution=strained strained_vitality=strained recovered_utility=strained recovered_pollution=strained recovered_vitality=prosperous event_ids=spatial-v1:1:408bde0e762db5b6f98c37c40bff35b384db7428019515e029357d2799ccc41b:10:11:utility:0:1,spatial-v1:1:408bde0e762db5b6f98c37c40bff35b384db7428019515e029357d2799ccc41b:10:11:vitality:0:2
CITYSIM_PLAY021_SOAK_DIAGNOSTICS equivalent_minutes=30 pulses=4286 nodes=1111 drawables=389 actions=1 total_ms=13.531 average_ms=0.0032
◇ Test run started.
↳ Testing Library Version: 1902
↳ Target Platform: arm64e-apple-macos14.0
✔ Test run with 0 tests in 0 suites passed after 0.001 seconds.
