[0/1] Planning build
Building for debugging...
[0/5] Write sources
[1/5] Write swift-version--58304C5D6DBC2206.txt
[3/7] Emitting module CitySimNative
[4/7] Compiling CitySimNative LotRenderer.swift
[5/8] Compiling CitySimNative CityScene.swift
[5/10] Write Objects.LinkFileList
[6/10] Linking CitySimNative
[7/10] Applying CitySimNative
[9/12] Compiling CitySimNativeTests WorldRenderingTests.swift
[10/12] Emitting module CitySimNativeTests
[10/12] Write Objects.LinkFileList
[11/12] Linking CitySimNativePackageTests
Build complete! (4.55s)
Test Suite 'Selected tests' started at 2026-07-25 23:01:51.143.
Test Suite 'CitySimNativePackageTests.xctest' started at 2026-07-25 23:01:51.145.
Test Suite 'WorldRenderingTests' started at 2026-07-25 23:01:51.145.
Test Case '-[CitySimNativeTests.WorldRenderingTests testTypedPlacementTargetKeepsMeaningfulDistrictAndRoadContextAtBothShippingSizes]' started.
Test Case '-[CitySimNativeTests.WorldRenderingTests testTypedPlacementTargetKeepsMeaningfulDistrictAndRoadContextAtBothShippingSizes]' passed (3.659 seconds).
Test Suite 'WorldRenderingTests' passed at 2026-07-25 23:01:54.804.
	 Executed 1 test, with 0 failures (0 unexpected) in 3.659 (3.659) seconds
Test Suite 'CitySimNativePackageTests.xctest' passed at 2026-07-25 23:01:54.804.
	 Executed 1 test, with 0 failures (0 unexpected) in 3.659 (3.659) seconds
Test Suite 'Selected tests' passed at 2026-07-25 23:01:54.804.
	 Executed 1 test, with 0 failures (0 unexpected) in 3.659 (3.661) seconds
◇ Test run started.
↳ Testing Library Version: 1902
↳ Target Platform: arm64e-apple-macos14.0
✔ Test run with 0 tests in 0 suites passed after 0.001 seconds.
